 ---------------------
 Symbol     | Location
 -----------+---------
 abs        |   170
 abs_res    |   17A
 abs_x      |   179
 acuEnd     |   078
 chkB       |   058
 chkC       |   068
 cosA       |   089
 cosB       |   08A
 cosC       |   08B
 cosa_a     |   0CF
 cosa_asq   |   0D2
 cosa_b     |   0D0
 cosa_bsq   |   0D3
 cosa_c     |   0D1
 cosa_csq   |   0D4
 cosa_ten   |   0D7
 cosa_two   |   0D6
 cosa_twobc |   0D5
 cosang     |   0A4
 d_checktwo |   161
 d_endwhile |   15D
 d_negate   |   165
 d_return   |   168
 d_second   |   140
 d_start    |   146
 d_while    |   151
 disab      |   086
 disbc      |   087
 disca      |   088
 dist       |   08C
 dist_c1    |   0A2
 dist_c2    |   0A3
 dist_x1    |   09E
 dist_x2    |   09F
 dist_y1    |   0A0
 dist_y2    |   0A1
 div        |   136
 div_one    |   16E
 div_result |   16C
 div_signo  |   16D
 div_two    |   16F
 div_x      |   16A
 div_y      |   16B
 end        |   079
 equals     |   15A
 m_checktwo |   126
 m_endwhile |   122
 m_negate   |   12A
 m_return   |   12D
 m_second   |   107
 m_start    |   10D
 m_while    |   118
 mult       |   0FC
 mult_i     |   131
 mult_one   |   134
 mult_signo |   133
 mult_sum   |   132
 mult_two   |   135
 mult_x     |   12F
 mult_y     |   130
 noA        |   04E
 noB        |   05E
 noC        |   06E
 one        |   07B
 one_neg    |   07C
 operation  |   154
 recA       |   053
 recB       |   063
 recC       |   073
 sq_endwh   |   0F4
 sq_eqone   |   0E0
 sq_eqwh    |   0EA
 sq_gen     |   0E5
 sq_i       |   0F9
 sq_one     |   0F7
 sq_result  |   0FA
 sq_ten     |   0F8
 sq_wh      |   0EC
 sq_x       |   0FB
 sqroot     |   0D8
 ten        |   07F
 three      |   07E
 two        |   07D
 xa         |   080
 xb         |   082
 xc         |   084
 ya         |   081
 yb         |   083
 yc         |   085
