 ---------------------
 Symbol     | Location
 -----------+---------
 a          |   04C
 abs        |   0F2
 abs_res    |   0FA
 abs_x      |   0F9
 b          |   04D
 b_neg      |   050
 bsq        |   04F
 c          |   04E
 calcsqrt   |   030
 checkzero  |   02B
 d_checktwo |   0E3
 d_endwhile |   0DF
 d_negate   |   0E7
 d_return   |   0EA
 d_second   |   0C2
 d_start    |   0C8
 d_while    |   0D3
 disc       |   051
 div        |   0B8
 div_one    |   0F0
 div_result |   0EE
 div_signo  |   0EF
 div_two    |   0F1
 div_x      |   0EC
 div_y      |   0ED
 end        |   04B
 equals     |   0DC
 four       |   056
 m_checktwo |   0A8
 m_endwhile |   0A4
 m_negate   |   0AC
 m_return   |   0AF
 m_second   |   089
 m_start    |   08F
 m_while    |   09A
 mult       |   07E
 mult_i     |   0B3
 mult_one   |   0B6
 mult_signo |   0B5
 mult_sum   |   0B4
 mult_two   |   0B7
 mult_x     |   0B1
 mult_y     |   0B2
 one_neg    |   054
 operation  |   0D6
 out        |   04A
 partTwo    |   03E
 sq_endwh   |   076
 sq_eqone   |   062
 sq_eqwh    |   06C
 sq_gen     |   067
 sq_i       |   07A
 sq_one     |   079
 sq_result  |   07B
 sq_ten     |   07C
 sq_wh      |   06E
 sq_x       |   07D
 sqroot     |   058
 sqrtdisc   |   052
 ten        |   057
 two        |   055
 twoa       |   053
